
> @routestack/react-widget@0.1.0 dev
> concurrently "npm:dev:server" "npm:dev:client"

[dev:server] 
[dev:server] > @routestack/react-widget@0.1.0 dev:server
[dev:server] > tsx src/server.ts
[dev:server] 
[dev:client] 
[dev:client] > @routestack/react-widget@0.1.0 dev:client
[dev:client] > vite
[dev:client] 
[dev:client] [2m12:29:02 PM[22m [36m[1m[vite][22m[39m [90m[2m(client)[22m[39m Re-optimizing dependencies because lockfile has changed
[dev:client] Port 5173 is in use, trying another one...
[dev:client] 
[dev:client]   [32m[1mVITE[22m v6.4.2[39m  [2mready in [0m[1m445[22m[2m[0m ms[22m
[dev:client] 
[dev:client]   [32m➜[39m  [1mLocal[22m:   [36mhttp://localhost:[1m5174[22m/[39m
[dev:client] [2m  [32m➜[39m  [1mNetwork[22m[2m: use [22m[1m--host[22m[2m to expose[22m
[dev:server] RouteStack widget API listening on http://127.0.0.1:3001
[dev:client] [2m12:38:49 PM[22m [36m[1m[vite][22m[39m [90m[2m(client)[22m[39m [32mhmr update [39m[2m/src/main.tsx[22m
[dev:client] [2m12:39:54 PM[22m [36m[1m[vite][22m[39m [32m.env changed, restarting server...[39m
[dev:client] [2m12:39:55 PM[22m [36m[1m[vite][22m[39m server restarted.
[dev:client] [2m4:12:26 PM[22m [36m[1m[vite][22m[39m [32mvite.config.ts changed, restarting server...[39m
[dev:client] [2m4:12:29 PM[22m [36m[1m[vite][22m[39m [90m[2m(client)[22m[39m Re-optimizing dependencies because lockfile has changed
[dev:client] [2m4:12:29 PM[22m [36m[1m[vite][22m[39m server restarted.
[dev:client] npm run dev:client exited with code 1073807364
[dev:server] npm run dev:server exited with code 1073807364
m [36m[1m[vite][22m[39m server restarted.
